// Jest Snapshot v1, https://goo.gl/fbAQLP

exports[`should render a task panel component 1`] = `<Connect(TaskPanel) />`;
