// Jest Snapshot v1, https://goo.gl/fbAQLP

exports[`<Footer/> should render a footer component 1`] = `
<footer
  className="footer"
>
  <div
    className="info-bar__footer"
  >
    <span
      className="progress-status indicator-status "
    />
    <span />
  </div>
  <div
    className="preview-bar__footer"
  >
    <Tooltip
      animateFill={true}
      animation="shift"
      arrow={false}
      arrowSize="regular"
      className=""
      customTag="div"
      delay={0}
      disabled={false}
      distance={10}
      duration={375}
      followCursor={false}
      hideDelay={0}
      hideDuration={375}
      hideOnClick={true}
      html={
        <p>
          Preview
        </p>
      }
      inertia={false}
      interactive={false}
      interactiveBorder={2}
      multiple={false}
      offset={0}
      onHidden={[Function]}
      onHide={[Function]}
      onRequestClose={[Function]}
      onShow={[Function]}
      onShown={[Function]}
      popperOptions={Object {}}
      position="bottom"
      size="regular"
      sticky={false}
      stickyDuration={200}
      style={Object {}}
      theme="dark"
      touchHold={false}
      trigger="mouseenter"
      unmountHTMLWhenHide={false}
    >
      <div
        className="switch-box switch-box--green"
      >
        <label
          className="switch"
        >
          <input
            aria-label="Show previews"
            onChange={[Function]}
            type="checkbox"
          />
          <div
            className="switch-slider round"
          />
        </label>
      </div>
    </Tooltip>
    <Tooltip
      animateFill={true}
      animation="shift"
      arrow={false}
      arrowSize="regular"
      className=""
      customTag="div"
      delay={0}
      disabled={false}
      distance={10}
      duration={375}
      followCursor={false}
      hideDelay={0}
      hideDuration={375}
      hideOnClick={true}
      html={
        <p>
          Preview Window
        </p>
      }
      inertia={false}
      interactive={false}
      interactiveBorder={2}
      multiple={false}
      offset={0}
      onHidden={[Function]}
      onHide={[Function]}
      onRequestClose={[Function]}
      onShow={[Function]}
      onShown={[Function]}
      popperOptions={Object {}}
      position="bottom"
      size="regular"
      sticky={false}
      stickyDuration={200}
      style={Object {}}
      theme="dark"
      touchHold={false}
      trigger="mouseenter"
      unmountHTMLWhenHide={false}
    >
      <span
        aria-label="Open Detailed Preview Window"
        className="button__expand icon-new-window disabled"
        onClick={[Function]}
        onKeyDown={[Function]}
        role="button"
        tabIndex="0"
      />
    </Tooltip>
  </div>
</footer>
`;
